/home/ubuntu/chipyard/.conda-env/lib/python3.10/site-packages/paramiko/pkey.py:82: CryptographyDeprecationWarning: TripleDES has been moved to cryptography.hazmat.decrepit.ciphers.algorithms.TripleDES and will be removed from cryptography.hazmat.primitives.ciphers.algorithms in 48.0.0.
  "cipher": algorithms.TripleDES,
/home/ubuntu/chipyard/.conda-env/lib/python3.10/site-packages/paramiko/transport.py:260: CryptographyDeprecationWarning: TripleDES has been moved to cryptography.hazmat.decrepit.ciphers.algorithms.TripleDES and will be removed from cryptography.hazmat.primitives.ciphers.algorithms in 48.0.0.
  "class": algorithms.TripleDES,
FireSim Manager. Docs: https://docs.fires.im
Running: infrasetup

firesim_gemmini_rocket_singlecore_no_nic is overriding a deploy makefrag in your config_hwdb.yaml file. Make sure you understand why!
run_farm_hosts_dict defaultdict(<class 'list'>, {'172.31.41.234': [(<runtools.run_farm.Inst object at 0x70b7bfcac700>, None)]})
set_server_hardware_config 0 None
[172.31.41.234] Checking if host instance is up...
Building FPGA software driver for f2-firesim-FireSim-FireSimLeanGemminiRocketConfig-BaseF2Config
[localhost] run: make PLATFORM=f2 TARGET_PROJECT=firesim TARGET_PROJECT_MAKEFRAG=/home/ubuntu/chipyard/sims/firesim/deploy/../../../generators/firechip/chip/src/main/makefrag/firesim DESIGN=FireSim TARGET_CONFIG=FireSimLeanGemminiRocketConfig PLATFORM_CONFIG=BaseF2Config f2
[localhost] out: mkdir -p /home/ubuntu/chipyard/sims/firesim/sim/midas/src/main/scala/target-symlinks
[localhost] out: # make the symlink dir
[localhost] out: # symlink things
[localhost] out: # remove any folders that don't match
[localhost] out: find /home/ubuntu/chipyard/sims/firesim/sim/midas/src/main/scala/target-symlinks/* -type d | grep -v -e "/home/ubuntu/chipyard/sims/firesim/sim/midas/src/main/scala/target-symlinks/bridgeinterfaces" -e "/home/ubuntu/chipyard/sims/firesim/sim/midas/src/main/scala/target-symlinks/goldengateimplementations" | xargs rm -rf
[localhost] out: source /home/ubuntu/chipyard/env.sh && \
[localhost] out: 	make -C /home/ubuntu/chipyard/sims/firesim-staging \
[localhost] out: 		SBT_PROJECT=firechip \
[localhost] out: 		MODEL=FireSim \
[localhost] out: 		MODEL_PACKAGE=firechip.chip \
[localhost] out: 		VLOG_MODEL=FireSim \
[localhost] out: 		CONFIG=FireSimLeanGemminiRocketConfig \
[localhost] out: 		CONFIG_PACKAGE=firechip.chip \
[localhost] out: 		GENERATOR_PACKAGE=chipyard \
[localhost] out: 		EXTRA_CHISEL_OPTIONS=--emit-legacy-sfc \
[localhost] out: 		TB=unused \
[localhost] out: 		TOP=unused
[localhost] out: make[1]: Entering directory '/home/ubuntu/chipyard/sims/firesim-staging'
[localhost] out: make[1]: Nothing to be done for 'default'.
[localhost] out: make[1]: Leaving directory '/home/ubuntu/chipyard/sims/firesim-staging'
[localhost] out: # firechip.chip.FireSim.FireSimLeanGemminiRocketConfig must be same as Chipyard
[localhost] out: ln -sf /home/ubuntu/chipyard/sims/firesim-staging/generated-src/firechip.chip.FireSim.FireSimLeanGemminiRocketConfig/firechip.chip.FireSim.FireSimLeanGemminiRocketConfig.sfc.fir /home/ubuntu/chipyard/sims/firesim/sim/generated-src/f2/f2-firesim-FireSim-FireSimLeanGemminiRocketConfig-BaseF2Config/firechip.chip.FireSim.FireSimLeanGemminiRocketConfig.fir
[localhost] out: ln -sf /home/ubuntu/chipyard/sims/firesim-staging/generated-src/firechip.chip.FireSim.FireSimLeanGemminiRocketConfig/firechip.chip.FireSim.FireSimLeanGemminiRocketConfig.anno.json /home/ubuntu/chipyard/sims/firesim/sim/generated-src/f2/f2-firesim-FireSim-FireSimLeanGemminiRocketConfig-BaseF2Config/firechip.chip.FireSim.FireSimLeanGemminiRocketConfig.anno.json
[localhost] out: # .d needed to run metasim CI tests
[localhost] out: ln -sf /home/ubuntu/chipyard/sims/firesim-staging/generated-src/firechip.chip.FireSim.FireSimLeanGemminiRocketConfig/firechip.chip.FireSim.FireSimLeanGemminiRocketConfig.d /home/ubuntu/chipyard/sims/firesim/sim/generated-src/f2/f2-firesim-FireSim-FireSimLeanGemminiRocketConfig-BaseF2Config/firechip.chip.FireSim.FireSimLeanGemminiRocketConfig.d
[localhost] out: 
get_local_driver_dir f2-firesim-FireSim-FireSimLeanGemminiRocketConfig-BaseF2Config
[localhost] local: pwd
[localhost] run: rsync -pthrvz -L ../sim/output/f2/f2-firesim-FireSim-FireSimLeanGemminiRocketConfig-BaseF2Config/FireSim-f2 /tmp/tmpsfwam0ga/
[localhost] out: sending incremental file list
[localhost] out: FireSim-f2
[localhost] out: 
[localhost] out: sent 4.47M bytes  received 35 bytes  2.98M bytes/sec
[localhost] out: total size is 12.65M  speedup is 2.83
[localhost] out: 
[localhost] local: pwd
[localhost] run: rsync -pthrvz -L /home/ubuntu/chipyard/.conda-env/riscv-tools/lib/libriscv.so /tmp/tmpsfwam0ga/libriscv.so
[localhost] out: sending incremental file list
[localhost] out: libriscv.so
[localhost] out: 
[localhost] out: sent 31.09M bytes  received 35 bytes  62.17M bytes/sec
[localhost] out: total size is 177.32M  speedup is 5.70
[localhost] out: 
[localhost] local: pwd
[localhost] run: rsync -pthrvz -L /home/ubuntu/chipyard/.conda-env/lib/libdwarf.so.1.0.0 /tmp/tmpsfwam0ga/libdwarf.so.1
[localhost] out: sending incremental file list
[localhost] out: libdwarf.so.1.0.0
[localhost] out: 
[localhost] out: sent 199.64K bytes  received 35 bytes  399.34K bytes/sec
[localhost] out: total size is 486.20K  speedup is 2.43
[localhost] out: 
[localhost] local: pwd
[localhost] run: rsync -pthrvz -L /home/ubuntu/chipyard/.conda-env/lib/libelf-0.187.so /tmp/tmpsfwam0ga/libelf.so.1
[localhost] out: sending incremental file list
[localhost] out: libelf-0.187.so
[localhost] out: 
[localhost] out: sent 50.99K bytes  received 35 bytes  102.06K bytes/sec
[localhost] out: total size is 117.87K  speedup is 2.31
[localhost] out: 
[localhost] local: pwd
[localhost] run: rsync -pthrvz -L /home/ubuntu/chipyard/.conda-env/lib/libz.so.1.2.13 /tmp/tmpsfwam0ga/libz.so.1
[localhost] out: sending incremental file list
[localhost] out: libz.so.1.2.13
[localhost] out: 
[localhost] out: sent 59.72K bytes  received 35 bytes  119.50K bytes/sec
[localhost] out: total size is 112.80K  speedup is 1.89
[localhost] out: 
[localhost] local: pwd
[localhost] run: rsync -pthrvz -L /home/ubuntu/chipyard/.conda-env/lib/libstdc++.so.6.0.34 /tmp/tmpsfwam0ga/libstdc++.so.6
[localhost] out: sending incremental file list
[localhost] out: libstdc++.so.6.0.34
[localhost] out: 
[localhost] out: sent 7.27M bytes  received 35 bytes  14.53M bytes/sec
[localhost] out: total size is 21.30M  speedup is 2.93
[localhost] out: 
[localhost] local: pwd
[localhost] run: rsync -pthrvz -L /home/ubuntu/chipyard/.conda-env/lib/libgmp.so.10.5.0 /tmp/tmpsfwam0ga/libgmp.so.10
[localhost] out: sending incremental file list
[localhost] out: libgmp.so.10.5.0
[localhost] out: 
[localhost] out: sent 348.26K bytes  received 35 bytes  696.58K bytes/sec
[localhost] out: total size is 749.06K  speedup is 2.15
[localhost] out: 
[localhost] local: pwd
[localhost] run: rsync -pthrvz -L /home/ubuntu/chipyard/.conda-env/lib/libgcc_s.so.1 /tmp/tmpsfwam0ga/libgcc_s.so.1
[localhost] out: sending incremental file list
[localhost] out: libgcc_s.so.1
[localhost] out: 
[localhost] out: sent 357.80K bytes  received 35 bytes  715.68K bytes/sec
[localhost] out: total size is 902.64K  speedup is 2.52
[localhost] out: 
[localhost] local: pwd
[localhost] run: find . -mindepth 1 -maxdepth 1 -printf "%P
" | xargs tar -czvf /home/ubuntu/chipyard/sims/firesim/deploy/../sim/output/f2/f2-firesim-FireSim-FireSimLeanGemminiRocketConfig-BaseF2Config/driver-bundle.tar.gz
[localhost] out: libgcc_s.so.1
[localhost] out: libz.so.1
[localhost] out: libelf.so.1
[localhost] out: FireSim-f2
[localhost] out: libriscv.so
[localhost] out: libdwarf.so.1
[localhost] out: libstdc++.so.6
[localhost] out: libgmp.so.10
[localhost] out: 
[172.31.41.234] Copying FPGA simulation infrastructure for slot: 0.
[172.31.41.234] Installing AWS FPGA SDK on remote nodes. Upstream hash: 80b34d3
Warning: run() received nonzero return code 128 while executing 'git clone https://github.com/firesim/aws-fpga-firesim-f2.git aws-fpga'!
[172.31.41.234] Unloading XRT-related Kernel Modules.
Warning: run() received nonzero return code 5 while executing 'sudo systemctl stop mpd'!
Warning: run() received nonzero return code 1 while executing 'sudo yum remove -y xrt xrt-aws'!
[172.31.41.234] Clearing FPGA Slot 0.
[172.31.41.234] Checking for Cleared FPGA Slot 0.
[172.31.41.234] Flashing FPGA Slot: 0 with agfi: agfi-0f567000cb21cb06d.
[172.31.41.234] Checking for Flashed FPGA Slot: 0 with agfi: agfi-0f567000cb21cb06d.
[172.31.41.234] Starting Vivado hw_server.
[172.31.41.234] Starting Vivado virtual JTAG.
The full log of this run is:
/home/ubuntu/chipyard/sims/firesim/deploy/logs/2026-09-26--18-11-17-infrasetup-LN6A828R0FFWQAMI.log
